                                 Started job on |	Aug 10 10:23:43
                             Started mapping on |	Aug 10 10:23:44
                                    Finished on |	Aug 10 10:23:51
       Mapping speed, Million of reads per hour |	779.80

                          Number of input reads |	1516287
                      Average input read length |	74
                                    UNIQUE READS:
                   Uniquely mapped reads number |	1467306
                        Uniquely mapped reads % |	96.77%
                          Average mapped length |	74.23
                       Number of splices: Total |	397732
            Number of splices: Annotated (sjdb) |	394786
                       Number of splices: GT/AG |	391790
                       Number of splices: GC/AG |	5186
                       Number of splices: AT/AC |	253
               Number of splices: Non-canonical |	503
                      Mismatch rate per base, % |	0.23%
                         Deletion rate per base |	0.01%
                        Deletion average length |	1.30
                        Insertion rate per base |	0.01%
                       Insertion average length |	1.31
                             MULTI-MAPPING READS:
        Number of reads mapped to multiple loci |	48478
             % of reads mapped to multiple loci |	3.20%
        Number of reads mapped to too many loci |	105
             % of reads mapped to too many loci |	0.01%
                                  UNMAPPED READS:
  Number of reads unmapped: too many mismatches |	0
       % of reads unmapped: too many mismatches |	0.00%
            Number of reads unmapped: too short |	204
                 % of reads unmapped: too short |	0.01%
                Number of reads unmapped: other |	194
                     % of reads unmapped: other |	0.01%
                                  CHIMERIC READS:
                       Number of chimeric reads |	0
                            % of chimeric reads |	0.00%
