                                 Started job on |	Aug 10 10:23:37
                             Started mapping on |	Aug 10 10:23:38
                                    Finished on |	Aug 10 10:23:43
       Mapping speed, Million of reads per hour |	778.29

                          Number of input reads |	1080961
                      Average input read length |	74
                                    UNIQUE READS:
                   Uniquely mapped reads number |	1046923
                        Uniquely mapped reads % |	96.85%
                          Average mapped length |	74.24
                       Number of splices: Total |	275697
            Number of splices: Annotated (sjdb) |	273607
                       Number of splices: GT/AG |	271490
                       Number of splices: GC/AG |	3686
                       Number of splices: AT/AC |	171
               Number of splices: Non-canonical |	350
                      Mismatch rate per base, % |	0.23%
                         Deletion rate per base |	0.01%
                        Deletion average length |	1.34
                        Insertion rate per base |	0.01%
                       Insertion average length |	1.35
                             MULTI-MAPPING READS:
        Number of reads mapped to multiple loci |	33751
             % of reads mapped to multiple loci |	3.12%
        Number of reads mapped to too many loci |	82
             % of reads mapped to too many loci |	0.01%
                                  UNMAPPED READS:
  Number of reads unmapped: too many mismatches |	0
       % of reads unmapped: too many mismatches |	0.00%
            Number of reads unmapped: too short |	125
                 % of reads unmapped: too short |	0.01%
                Number of reads unmapped: other |	80
                     % of reads unmapped: other |	0.01%
                                  CHIMERIC READS:
                       Number of chimeric reads |	0
                            % of chimeric reads |	0.00%
