                                 Started job on |	Aug 10 10:23:51
                             Started mapping on |	Aug 10 10:23:51
                                    Finished on |	Aug 10 10:23:58
       Mapping speed, Million of reads per hour |	827.07

                          Number of input reads |	1608184
                      Average input read length |	74
                                    UNIQUE READS:
                   Uniquely mapped reads number |	1553570
                        Uniquely mapped reads % |	96.60%
                          Average mapped length |	74.20
                       Number of splices: Total |	412083
            Number of splices: Annotated (sjdb) |	409059
                       Number of splices: GT/AG |	405907
                       Number of splices: GC/AG |	5282
                       Number of splices: AT/AC |	359
               Number of splices: Non-canonical |	535
                      Mismatch rate per base, % |	0.24%
                         Deletion rate per base |	0.01%
                        Deletion average length |	1.31
                        Insertion rate per base |	0.01%
                       Insertion average length |	1.28
                             MULTI-MAPPING READS:
        Number of reads mapped to multiple loci |	53262
             % of reads mapped to multiple loci |	3.31%
        Number of reads mapped to too many loci |	313
             % of reads mapped to too many loci |	0.02%
                                  UNMAPPED READS:
  Number of reads unmapped: too many mismatches |	0
       % of reads unmapped: too many mismatches |	0.00%
            Number of reads unmapped: too short |	262
                 % of reads unmapped: too short |	0.02%
                Number of reads unmapped: other |	777
                     % of reads unmapped: other |	0.05%
                                  CHIMERIC READS:
                       Number of chimeric reads |	0
                            % of chimeric reads |	0.00%
