                                 Started job on |	Aug 10 10:23:58
                             Started mapping on |	Aug 10 10:23:59
                                    Finished on |	Aug 10 10:24:05
       Mapping speed, Million of reads per hour |	843.21

                          Number of input reads |	1405351
                      Average input read length |	74
                                    UNIQUE READS:
                   Uniquely mapped reads number |	1358905
                        Uniquely mapped reads % |	96.70%
                          Average mapped length |	74.23
                       Number of splices: Total |	365045
            Number of splices: Annotated (sjdb) |	362333
                       Number of splices: GT/AG |	359463
                       Number of splices: GC/AG |	4909
                       Number of splices: AT/AC |	241
               Number of splices: Non-canonical |	432
                      Mismatch rate per base, % |	0.24%
                         Deletion rate per base |	0.01%
                        Deletion average length |	1.32
                        Insertion rate per base |	0.01%
                       Insertion average length |	1.32
                             MULTI-MAPPING READS:
        Number of reads mapped to multiple loci |	46085
             % of reads mapped to multiple loci |	3.28%
        Number of reads mapped to too many loci |	80
             % of reads mapped to too many loci |	0.01%
                                  UNMAPPED READS:
  Number of reads unmapped: too many mismatches |	0
       % of reads unmapped: too many mismatches |	0.00%
            Number of reads unmapped: too short |	199
                 % of reads unmapped: too short |	0.01%
                Number of reads unmapped: other |	82
                     % of reads unmapped: other |	0.01%
                                  CHIMERIC READS:
                       Number of chimeric reads |	0
                            % of chimeric reads |	0.00%
